  Application.cpp
C:\Users\caden\Documents\code\Real\Physics_Engine\Dependencies\glText.h(301,22): warning C4267: '=': conversion from 'size_t' to 'int', possible loss of data
  (compiling source file 'src/Application/Application.cpp')
  
C:\Program Files (x86)\Windows Kits\10\Include\10.0.22621.0\shared\minwindef.h(130,9): warning C4005: 'APIENTRY': macro redefinition
  (compiling source file 'src/Application/Application.cpp')
      C:\Users\caden\Documents\code\Real\Physics_Engine\Dependencies\GLFW\include\GLFW\glfw3.h(123,11):
      see previous definition of 'APIENTRY'
  
C:\Users\caden\Documents\code\Real\Physics_Engine\src\Application\Application.cpp(40,21): warning C4244: '=': conversion from 'const int' to 'float', possible loss of data
C:\Users\caden\Documents\code\Real\Physics_Engine\src\Application\Application.cpp(41,22): warning C4244: '=': conversion from 'const int' to 'float', possible loss of data
C:\Users\caden\Documents\code\Real\Physics_Engine\src\Application\Application.cpp(44,45): warning C4244: 'argument': conversion from 'float' to 'int', possible loss of data
C:\Users\caden\Documents\code\Real\Physics_Engine\src\Application\Application.cpp(44,34): warning C4244: 'argument': conversion from 'float' to 'int', possible loss of data
C:\Users\caden\Documents\code\Real\Physics_Engine\src\Application\Application.cpp(74,31): warning C4244: 'argument': conversion from 'int' to '_Ty', possible loss of data
C:\Users\caden\Documents\code\Real\Physics_Engine\src\Application\Application.cpp(74,31): warning C4244:         with
C:\Users\caden\Documents\code\Real\Physics_Engine\src\Application\Application.cpp(74,31): warning C4244:         [
C:\Users\caden\Documents\code\Real\Physics_Engine\src\Application\Application.cpp(74,31): warning C4244:             _Ty=float
C:\Users\caden\Documents\code\Real\Physics_Engine\src\Application\Application.cpp(74,31): warning C4244:         ]
C:\Users\caden\Documents\code\Real\Physics_Engine\src\Application\Application.cpp(75,31): warning C4244: 'argument': conversion from 'int' to '_Ty', possible loss of data
C:\Users\caden\Documents\code\Real\Physics_Engine\src\Application\Application.cpp(75,31): warning C4244:         with
C:\Users\caden\Documents\code\Real\Physics_Engine\src\Application\Application.cpp(75,31): warning C4244:         [
C:\Users\caden\Documents\code\Real\Physics_Engine\src\Application\Application.cpp(75,31): warning C4244:             _Ty=float
C:\Users\caden\Documents\code\Real\Physics_Engine\src\Application\Application.cpp(75,31): warning C4244:         ]
C:\Users\caden\Documents\code\Real\Physics_Engine\src\Application\Application.cpp(82,53): warning C4244: 'argument': conversion from 'int' to '_Ty', possible loss of data
C:\Users\caden\Documents\code\Real\Physics_Engine\src\Application\Application.cpp(82,53): warning C4244:         with
C:\Users\caden\Documents\code\Real\Physics_Engine\src\Application\Application.cpp(82,53): warning C4244:         [
C:\Users\caden\Documents\code\Real\Physics_Engine\src\Application\Application.cpp(82,53): warning C4244:             _Ty=float
C:\Users\caden\Documents\code\Real\Physics_Engine\src\Application\Application.cpp(82,53): warning C4244:         ]
C:\Users\caden\Documents\code\Real\Physics_Engine\src\Application\Application.cpp(83,61): warning C4244: 'argument': conversion from 'int' to '_Ty', possible loss of data
C:\Users\caden\Documents\code\Real\Physics_Engine\src\Application\Application.cpp(83,61): warning C4244:         with
C:\Users\caden\Documents\code\Real\Physics_Engine\src\Application\Application.cpp(83,61): warning C4244:         [
C:\Users\caden\Documents\code\Real\Physics_Engine\src\Application\Application.cpp(83,61): warning C4244:             _Ty=float
C:\Users\caden\Documents\code\Real\Physics_Engine\src\Application\Application.cpp(83,61): warning C4244:         ]
C:\Users\caden\Documents\code\Real\Physics_Engine\src\Application\Application.cpp(96,63): warning C4267: 'argument': conversion from 'size_t' to 'unsigned int', possible loss of data
C:\Users\caden\Documents\code\Real\Physics_Engine\src\Application\Application.cpp(102,63): warning C4267: 'argument': conversion from 'size_t' to 'unsigned int', possible loss of data
C:\Users\caden\Documents\code\Real\Physics_Engine\src\Application\Application.cpp(120,34): warning C4244: 'argument': conversion from 'const _Ty1' to '_Ty', possible loss of data
C:\Users\caden\Documents\code\Real\Physics_Engine\src\Application\Application.cpp(120,34): warning C4244:         with
C:\Users\caden\Documents\code\Real\Physics_Engine\src\Application\Application.cpp(120,34): warning C4244:         [
C:\Users\caden\Documents\code\Real\Physics_Engine\src\Application\Application.cpp(120,34): warning C4244:             _Ty1=double
C:\Users\caden\Documents\code\Real\Physics_Engine\src\Application\Application.cpp(120,34): warning C4244:         ]
C:\Users\caden\Documents\code\Real\Physics_Engine\src\Application\Application.cpp(120,34): warning C4244:         and
C:\Users\caden\Documents\code\Real\Physics_Engine\src\Application\Application.cpp(120,34): warning C4244:         [
C:\Users\caden\Documents\code\Real\Physics_Engine\src\Application\Application.cpp(120,34): warning C4244:             _Ty=float
C:\Users\caden\Documents\code\Real\Physics_Engine\src\Application\Application.cpp(120,34): warning C4244:         ]
C:\Users\caden\Documents\code\Real\Physics_Engine\src\Application\Application.cpp(121,34): warning C4244: 'argument': conversion from 'const _Ty2' to '_Ty', possible loss of data
C:\Users\caden\Documents\code\Real\Physics_Engine\src\Application\Application.cpp(121,34): warning C4244:         with
C:\Users\caden\Documents\code\Real\Physics_Engine\src\Application\Application.cpp(121,34): warning C4244:         [
C:\Users\caden\Documents\code\Real\Physics_Engine\src\Application\Application.cpp(121,34): warning C4244:             _Ty2=double
C:\Users\caden\Documents\code\Real\Physics_Engine\src\Application\Application.cpp(121,34): warning C4244:         ]
C:\Users\caden\Documents\code\Real\Physics_Engine\src\Application\Application.cpp(121,34): warning C4244:         and
C:\Users\caden\Documents\code\Real\Physics_Engine\src\Application\Application.cpp(121,34): warning C4244:         [
C:\Users\caden\Documents\code\Real\Physics_Engine\src\Application\Application.cpp(121,34): warning C4244:             _Ty=float
C:\Users\caden\Documents\code\Real\Physics_Engine\src\Application\Application.cpp(121,34): warning C4244:         ]
C:\Users\caden\Documents\code\Real\Physics_Engine\src\Application\Application.cpp(133,47): warning C4267: 'argument': conversion from 'size_t' to 'unsigned int', possible loss of data
C:\Users\caden\Documents\code\Real\Physics_Engine\src\Application\Application.cpp(153,35): warning C4244: 'argument': conversion from 'float' to 'GLsizei', possible loss of data
C:\Users\caden\Documents\code\Real\Physics_Engine\src\Application\Application.cpp(153,24): warning C4244: 'argument': conversion from 'float' to 'GLsizei', possible loss of data
C:\Users\caden\Documents\code\Real\Physics_Engine\src\Application\Application.cpp(180,38): warning C4244: 'argument': conversion from 'const _Ty1' to '_Ty', possible loss of data
C:\Users\caden\Documents\code\Real\Physics_Engine\src\Application\Application.cpp(180,38): warning C4244:         with
C:\Users\caden\Documents\code\Real\Physics_Engine\src\Application\Application.cpp(180,38): warning C4244:         [
C:\Users\caden\Documents\code\Real\Physics_Engine\src\Application\Application.cpp(180,38): warning C4244:             _Ty1=double
C:\Users\caden\Documents\code\Real\Physics_Engine\src\Application\Application.cpp(180,38): warning C4244:         ]
C:\Users\caden\Documents\code\Real\Physics_Engine\src\Application\Application.cpp(180,38): warning C4244:         and
C:\Users\caden\Documents\code\Real\Physics_Engine\src\Application\Application.cpp(180,38): warning C4244:         [
C:\Users\caden\Documents\code\Real\Physics_Engine\src\Application\Application.cpp(180,38): warning C4244:             _Ty=float
C:\Users\caden\Documents\code\Real\Physics_Engine\src\Application\Application.cpp(180,38): warning C4244:         ]
C:\Users\caden\Documents\code\Real\Physics_Engine\src\Application\Application.cpp(181,38): warning C4244: 'argument': conversion from 'const _Ty2' to '_Ty', possible loss of data
C:\Users\caden\Documents\code\Real\Physics_Engine\src\Application\Application.cpp(181,38): warning C4244:         with
C:\Users\caden\Documents\code\Real\Physics_Engine\src\Application\Application.cpp(181,38): warning C4244:         [
C:\Users\caden\Documents\code\Real\Physics_Engine\src\Application\Application.cpp(181,38): warning C4244:             _Ty2=double
C:\Users\caden\Documents\code\Real\Physics_Engine\src\Application\Application.cpp(181,38): warning C4244:         ]
C:\Users\caden\Documents\code\Real\Physics_Engine\src\Application\Application.cpp(181,38): warning C4244:         and
C:\Users\caden\Documents\code\Real\Physics_Engine\src\Application\Application.cpp(181,38): warning C4244:         [
C:\Users\caden\Documents\code\Real\Physics_Engine\src\Application\Application.cpp(181,38): warning C4244:             _Ty=float
C:\Users\caden\Documents\code\Real\Physics_Engine\src\Application\Application.cpp(181,38): warning C4244:         ]
C:\Users\caden\Documents\code\Real\Physics_Engine\src\Application\Application.cpp(185,63): warning C4267: 'argument': conversion from 'size_t' to 'unsigned int', possible loss of data
C:\Users\caden\Documents\code\Real\Physics_Engine\src\Application\Application.cpp(193,13): warning C4267: 'argument': conversion from 'size_t' to 'GLsizei', possible loss of data
  Main.cpp
C:\Users\caden\Documents\code\Real\Physics_Engine\src\Main.cpp(87,13): error C2040: 'A': 'constraint' differs in levels of indirection from 'std::unique_ptr<Object,std::default_delete<Object>> [2]'
  Objects.cpp
C:\Users\caden\Documents\code\Real\Physics_Engine\src\Objects.cpp(31,43): warning C4244: 'argument': conversion from 'double' to 'float', possible loss of data
C:\Users\caden\Documents\code\Real\Physics_Engine\src\Objects.cpp(45,43): warning C4244: 'argument': conversion from 'double' to 'float', possible loss of data
C:\Users\caden\Documents\code\Real\Physics_Engine\src\Objects.cpp(53,16): warning C4244: 'initializing': conversion from 'double' to 'float', possible loss of data
C:\Users\caden\Documents\code\Real\Physics_Engine\src\Objects.cpp(92,75): warning C4244: 'argument': conversion from 'double' to 'float', possible loss of data
C:\Users\caden\Documents\code\Real\Physics_Engine\src\Objects.cpp(102,16): warning C4244: 'initializing': conversion from 'double' to 'float', possible loss of data
C:\Users\caden\Documents\code\Real\Physics_Engine\src\Objects.cpp(157,86): warning C4244: 'argument': conversion from 'double' to 'float', possible loss of data
C:\Users\caden\Documents\code\Real\Physics_Engine\src\Objects.cpp(157,78): warning C4244: 'argument': conversion from 'double' to 'float', possible loss of data
C:\Users\caden\Documents\code\Real\Physics_Engine\src\Objects.cpp(164,16): warning C4244: 'initializing': conversion from 'double' to 'float', possible loss of data
C:\Program Files\Microsoft Visual Studio\2022\Community\VC\Tools\MSVC\14.43.34808\include\xmemory(732,82): error C2558: class 'Object': no copy constructor available or copy constructor is declared 'explicit'
  (compiling source file 'src/Objects.cpp')
      C:\Program Files\Microsoft Visual Studio\2022\Community\VC\Tools\MSVC\14.43.34808\include\xmemory(732,82):
      the template instantiation context (the oldest one first) is
          C:\Users\caden\Documents\code\Real\Physics_Engine\src\Objects.h(79,25):
          see reference to class template instantiation 'std::vector<Object,std::allocator<Object>>' being compiled
          C:\Program Files\Microsoft Visual Studio\2022\Community\VC\Tools\MSVC\14.43.34808\include\vector(917,23):
          while compiling class template member function 'void std::vector<Object,std::allocator<Object>>::push_back(const _Ty &)'
          with
          [
              _Ty=Object
          ]
              C:\Users\caden\Documents\code\Real\Physics_Engine\src\Objects.cpp(229,17):
              see the first reference to 'std::vector<Object,std::allocator<Object>>::push_back' in 'constraint::constraint'
          C:\Program Files\Microsoft Visual Studio\2022\Community\VC\Tools\MSVC\14.43.34808\include\vector(918,9):
          see reference to function template instantiation '_Ty &std::vector<_Ty,std::allocator<_Ty>>::_Emplace_one_at_back<const _Ty&>(const _Ty &)' being compiled
          with
          [
              _Ty=Object
          ]
          C:\Program Files\Microsoft Visual Studio\2022\Community\VC\Tools\MSVC\14.43.34808\include\vector(830,20):
          see reference to function template instantiation '_Ty &std::vector<_Ty,std::allocator<_Ty>>::_Emplace_back_with_unused_capacity<const _Ty&>(const _Ty &)' being compiled
          with
          [
              _Ty=Object
          ]
          C:\Program Files\Microsoft Visual Studio\2022\Community\VC\Tools\MSVC\14.43.34808\include\vector(848,27):
          see reference to function template instantiation 'void std::_Default_allocator_traits<_Alloc>::construct<_Ty,const _Ty&>(_Alloc &,_Objty *const ,const _Ty &)' being compiled
          with
          [
              _Alloc=std::allocator<Object>,
              _Ty=Object,
              _Objty=Object
          ]
  
  Force.cpp
  Minkowski_Difference.cpp
  Physics_Engine.cpp
C:\Users\caden\Documents\code\Real\Physics_Engine\src\Physics\Physics_Engine.cpp(25,48): warning C4244: 'argument': conversion from 'double' to 'float', possible loss of data
C:\Users\caden\Documents\code\Real\Physics_Engine\src\Physics\Physics_Engine.cpp(44,48): warning C4244: 'argument': conversion from 'double' to 'float', possible loss of data
C:\Users\caden\Documents\code\Real\Physics_Engine\src\Physics\Physics_Engine.cpp(83,70): warning C4244: 'argument': conversion from 'double' to 'float', possible loss of data
C:\Users\caden\Documents\code\Real\Physics_Engine\src\Physics\Physics_Engine.cpp(108,89): warning C4244: 'argument': conversion from 'double' to 'float', possible loss of data
C:\Users\caden\Documents\code\Real\Physics_Engine\src\Physics\Physics_Engine.cpp(108,71): warning C4244: 'argument': conversion from 'double' to 'float', possible loss of data
  GJK.cpp
  Support.cpp
  Generating Code...
